apiVersion: v1
kind: Pod
metadata:
name: demo
spec:
containers:
- name: demo
 image: alpine:3.5
 command: ["ping","8.8.8.8"]
Execution:
Windows PowerShell
Copyright (C) Microsoft Corporation. All rights reserved.
Try the new cross-platform PowerShell https://aka.ms/pscore6
PS C:\Users\srjed> cd C:\Users\srjed\Desktop\kubernets
PS C:\Users\srjed\Desktop\kubernets> kubectl apply -f pod.yaml.txt
pod/demo unchanged
PS C:\Users\srjed\Desktop\kubernets> kubectl get pods
NAME READY STATUS RESTARTS AGE
demo 1/1 Running 0 13m
PS C:\Users\srjed\Desktop\kubernets> kubectl logs demo
PING 8.8.8.8 (8.8.8.8): 56 data bytes
64 bytes from 8.8.8.8: seq=0 ttl=37 time=67.252 ms
64 bytes from 8.8.8.8: seq=1 ttl=37 time=318.691 ms
64 bytes from 8.8.8.8: seq=4 ttl=37 time=148.604 ms
64 bytes from 8.8.8.8: seq=5 ttl=37 time=164.745 ms
64 bytes from 8.8.8.8: seq=6 ttl=37 time=275.323 ms
64 bytes from 8.8.8.8: seq=7 ttl=37 time=573.219 ms
64 bytes from 8.8.8.8: seq=8 ttl=37 time=41.063 ms
64 bytes from 8.8.8.8: seq=9 ttl=37 time=258.773 ms
64 bytes from 8.8.8.8: seq=10 ttl=37 time=239.651 ms
64 bytes from 8.8.8.8: seq=11 ttl=37 time=35.702 ms
64 bytes from 8.8.8.8: seq=12 ttl=37 time=36.192 ms
64 bytes from 8.8.8.8: seq=13 ttl=37 time=749.336 ms
64 bytes from 8.8.8.8: seq=14 ttl=37 time=132.703 ms
64 bytes from 8.8.8.8: seq=15 ttl=37 time=641.233 ms
64 bytes from 8.8.8.8: seq=16 ttl=37 time=18.082 ms
64 bytes from 8.8.8.8: seq=17 ttl=37 time=22.911 ms
64 bytes from 8.8.8.8: seq=18 ttl=37 time=23.879 ms
64 bytes from 8.8.8.8: seq=19 ttl=37 time=103.837 ms
64 bytes from 8.8.8.8: seq=20 ttl=37 time=310.259 ms
64 bytes from 8.8.8.8: seq=21 ttl=37 time=32.622 ms
64 bytes from 8.8.8.8: seq=22 ttl=37 time=232.399 ms
64 bytes from 8.8.8.8: seq=23 ttl=37 time=205.193 ms
64 bytes from 8.8.8.8: seq=25 ttl=37 time=291.680 ms
64 bytes from 8.8.8.8: seq=26 ttl=37 time=21.463 ms
64 bytes from 8.8.8.8: seq=27 ttl=37 time=44.490 ms
64 bytes from 8.8.8.8: seq=28 ttl=37 time=56.323 ms
64 bytes from 8.8.8.8: seq=29 ttl=37 time=240.539 ms
64 bytes from 8.8.8.8: seq=30 ttl=37 time=112.885 ms
64 bytes from 8.8.8.8: seq=31 ttl=37 time=63.234 ms
64 bytes from 8.8.8.8: seq=32 ttl=37 time=19.935 ms
64 bytes from 8.8.8.8: seq=33 ttl=37 time=20.226 ms
64 bytes from 8.8.8.8: seq=34 ttl=37 time=17.997 ms
64 bytes from 8.8.8.8: seq=35 ttl=37 time=23.902 ms
64 bytes from 8.8.8.8: seq=36 ttl=37 time=71.132 ms
64 bytes from 8.8.8.8: seq=37 ttl=37 time=66.081 ms
64 bytes from 8.8.8.8: seq=38 ttl=37 time=39.962 ms
64 bytes from 8.8.8.8: seq=39 ttl=37 time=49.918 ms
64 bytes from 8.8.8.8: seq=40 ttl=37 time=85.393 ms
64 bytes from 8.8.8.8: seq=41 ttl=37 time=63.403 ms
64 bytes from 8.8.8.8: seq=42 ttl=37 time=18.691 ms
64 bytes from 8.8.8.8: seq=43 ttl=37 time=18.619 ms
64 bytes from 8.8.8.8: seq=44 ttl=37 time=22.077 ms
64 bytes from 8.8.8.8: seq=45 ttl=37 time=19.827 ms
64 bytes from 8.8.8.8: seq=46 ttl=37 time=19.125 ms
64 bytes from 8.8.8.8: seq=47 ttl=37 time=19.753 ms
64 bytes from 8.8.8.8: seq=48 ttl=37 time=32.413 ms
64 bytes from 8.8.8.8: seq=49 ttl=37 time=40.275 ms
64 bytes from 8.8.8.8: seq=50 ttl=37 time=62.032 ms
64 bytes from 8.8.8.8: seq=51 ttl=37 time=18.299 ms
64 bytes from 8.8.8.8: seq=52 ttl=37 time=58.063 ms
64 bytes from 8.8.8.8: seq=53 ttl=37 time=72.524 ms
64 bytes from 8.8.8.8: seq=54 ttl=37 time=32.844 ms
64 bytes from 8.8.8.8: seq=55 ttl=37 time=83.157 ms
64 bytes from 8.8.8.8: seq=56 ttl=37 time=23.584 ms
64 bytes from 8.8.8.8: seq=57 ttl=37 time=21.787 ms
64 bytes from 8.8.8.8: seq=58 ttl=37 time=27.129 ms
64 bytes from 8.8.8.8: seq=59 ttl=37 time=17.925 ms
64 bytes from 8.8.8.8: seq=60 ttl=37 time=194.283 ms
64 bytes from 8.8.8.8: seq=61 ttl=37 time=59.306 ms
64 bytes from 8.8.8.8: seq=62 ttl=37 time=43.759 ms
64 bytes from 8.8.8.8: seq=63 ttl=37 time=323.368 ms
64 bytes from 8.8.8.8: seq=65 ttl=37 time=38.162 ms
64 bytes from 8.8.8.8: seq=66 ttl=37 time=83.380 ms
64 bytes from 8.8.8.8: seq=67 ttl=37 time=25.876 ms
64 bytes from 8.8.8.8: seq=68 ttl=37 time=127.799 ms
64 bytes from 8.8.8.8: seq=69 ttl=37 time=18.282 ms
64 bytes from 8.8.8.8: seq=70 ttl=37 time=151.618 ms
64 bytes from 8.8.8.8: seq=71 ttl=37 time=861.808 ms
64 bytes from 8.8.8.8: seq=72 ttl=37 time=3048.469 ms
64 bytes from 8.8.8.8: seq=73 ttl=37 time=472.402 ms
64 bytes from 8.8.8.8: seq=74 ttl=37 time=74.884 ms
64 bytes from 8.8.8.8: seq=75 ttl=37 time=234.204 ms
64 bytes from 8.8.8.8: seq=76 ttl=37 time=47.517 ms
64 bytes from 8.8.8.8: seq=77 ttl=37 time=105.229 ms
64 bytes from 8.8.8.8: seq=78 ttl=37 time=68.179 ms
64 bytes from 8.8.8.8: seq=79 ttl=37 time=226.651 ms
64 bytes from 8.8.8.8: seq=80 ttl=37 time=57.204 ms
64 bytes from 8.8.8.8: seq=81 ttl=37 time=111.503 ms
64 bytes from 8.8.8.8: seq=82 ttl=37 time=24.128 ms
64 bytes from 8.8.8.8: seq=83 ttl=37 time=49.990 ms
64 bytes from 8.8.8.8: seq=84 ttl=37 time=58.610 ms
64 bytes from 8.8.8.8: seq=85 ttl=37 time=114.360 ms
64 bytes from 8.8.8.8: seq=86 ttl=37 time=253.928 ms
64 bytes from 8.8.8.8: seq=87 ttl=37 time=26.389 ms
64 bytes from 8.8.8.8: seq=88 ttl=37 time=45.826 ms
64 bytes from 8.8.8.8: seq=89 ttl=37 time=495.219 ms
64 bytes from 8.8.8.8: seq=90 ttl=37 time=25.070 ms
64 bytes from 8.8.8.8: seq=91 ttl=37 time=19.903 ms
64 bytes from 8.8.8.8: seq=92 ttl=37 time=38.885 ms
64 bytes from 8.8.8.8: seq=93 ttl=37 time=551.422 ms
64 bytes from 8.8.8.8: seq=94 ttl=37 time=466.814 ms
64 bytes from 8.8.8.8: seq=95 ttl=37 time=433.741 ms
64 bytes from 8.8.8.8: seq=96 ttl=37 time=86.553 ms
64 bytes from 8.8.8.8: seq=97 ttl=37 time=30.392 ms
64 bytes from 8.8.8.8: seq=98 ttl=37 time=89.212 ms
64 bytes from 8.8.8.8: seq=99 ttl=37 time=29.234 ms
64 bytes from 8.8.8.8: seq=100 ttl=37 time=93.291 ms
64 bytes from 8.8.8.8: seq=198 ttl=37 time=23.691 ms
64 bytes from 8.8.8.8: seq=199 ttl=37 time=101.321 ms
PS C:\Users\srjed\Desktop\kubernets> kubectl delete -f pod.yaml.txt
pod "demo" deleted
PS C:\Users\srjed\Desktop\kubernets> docker swarm init
Error response from daemon: This node is already part of a swarm. Use "docker swarm leave" to leave 
this swarm and join another one.
PS C:\Users\srjed\Desktop\kubernets> docker swarm join --token
flag needs an argument: --token
See 'docker swarm join --help'.
PS C:\Users\srjed\Desktop\kubernets> docker service create --name demo alpine:3.5 ping 8.8.8.8
3p9s7ohgdrmqy87lb1esq0e6d
overall progress: 1 out of 1 tasks
1/1: running [==================================================>]
verify: Service converged
PS C:\Users\srjed\Desktop\kubernets> docker service ps demo
ID NAME IMAGE NODE DESIRED STATE CURRENT STATE ERROR PORTS
msvj5ckwnl50 demo.1 alpine:3.5 docker-desktop Running Running 58 seconds ago
PS C:\Users\srjed\Desktop\kubernets> docker service logs demo
demo.1.msvj5ckwnl50@docker-desktop | PING 8.8.8.8 (8.8.8.8): 56 data bytes
demo.1.msvj5ckwnl50@docker-desktop | 64 bytes from 8.8.8.8: seq=0 ttl=37 time=34.185 ms
demo.1.msvj5ckwnl50@docker-desktop | 64 bytes from 8.8.8.8: seq=1 ttl=37 time=35.647 ms
demo.1.msvj5ckwnl50@docker-desktop | 64 bytes from 8.8.8.8: seq=2 ttl=37 time=26.530 ms
demo.1.msvj5ckwnl50@docker-desktop | 64 bytes from 8.8.8.8: seq=3 ttl=37 time=21.234 ms
demo.1.msvj5ckwnl50@docker-desktop | 64 bytes from 8.8.8.8: seq=4 ttl=37 time=26.099 ms
demo.1.msvj5ckwnl50@docker-desktop | 64 bytes from 8.8.8.8: seq=5 ttl=37 time=36.405 ms
demo.1.msvj5ckwnl50@docker-desktop | 64 bytes from 8.8.8.8: seq=6 ttl=37 time=52.429 ms
demo.1.msvj5ckwnl50@docker-desktop | 64 bytes from 8.8.8.8: seq=7 ttl=37 time=23.565 ms
demo.1.msvj5ckwnl50@docker-desktop | 64 bytes from 8.8.8.8: seq=8 ttl=37 time=23.639 ms
demo.1.msvj5ckwnl50@docker-desktop | 64 bytes from 8.8.8.8: seq=9 ttl=37 time=33.429 ms
demo.1.msvj5ckwnl50@docker-desktop | 64 bytes from 8.8.8.8: seq=10 ttl=37 time=22.456 ms
demo.1.msvj5ckwnl50@docker-desktop | 64 bytes from 8.8.8.8: seq=11 ttl=37 time=26.083 ms
demo.1.msvj5ckwnl50@docker-desktop | 64 bytes from 8.8.8.8: seq=12 ttl=37 time=50.877 ms
demo.1.msvj5ckwnl50@docker-desktop | 64 bytes from 8.8.8.8: seq=13 ttl=37 time=22.204 ms
demo.1.msvj5ckwnl50@docker-desktop | 64 bytes from 8.8.8.8: seq=14 ttl=37 time=30.831 ms
demo.1.msvj5ckwnl50@docker-desktop | 64 bytes from 8.8.8.8: seq=50 ttl=37 time=51.778 ms
demo.1.msvj5ckwnl50@docker-desktop | 64 bytes from 8.8.8.8: seq=51 ttl=37 time=64.560 ms
demo.1.msvj5ckwnl50@docker-desktop | 64 bytes from 8.8.8.8: seq=52 ttl=37 time=56.994 ms
demo.1.msvj5ckwnl50@docker-desktop | 64 bytes from 8.8.8.8: seq=53 ttl=37 time=21.162 ms
demo.1.msvj5ckwnl50@docker-desktop | 64 bytes from 8.8.8.8: seq=54 ttl=37 time=24.199 ms
demo.1.msvj5ckwnl50@docker-desktop | 64 bytes from 8.8.8.8: seq=55 ttl=37 time=136.464 ms
demo.1.msvj5ckwnl50@docker-desktop | 64 bytes from 8.8.8.8: seq=56 ttl=37 time=36.312 ms
demo.1.msvj5ckwnl50@docker-desktop | 64 bytes from 8.8.8.8: seq=57 ttl=37 time=197.727 ms
demo.1.msvj5ckwnl50@docker-desktop | 64 bytes from 8.8.8.8: seq=58 ttl=37 time=32.059 ms
demo.1.msvj5ckwnl50@docker-desktop | 64 bytes from 8.8.8.8: seq=59 ttl=37 time=258.547 ms
demo.1.msvj5ckwnl50@docker-desktop | 64 bytes from 8.8.8.8: seq=81 ttl=37 time=22.791 ms
demo.1.msvj5ckwnl50@docker-desktop | 64 bytes from 8.8.8.8: seq=82 ttl=37 time=21.992 ms
demo.1.msvj5ckwnl50@docker-desktop | 64 bytes from 8.8.8.8: seq=83 ttl=37 time=81.396 ms
demo.1.msvj5ckwnl50@docker-desktop | 64 bytes from 8.8.8.8: seq=84 ttl=37 time=50.268 ms
demo.1.msvj5ckwnl50@docker-desktop | 64 bytes from 8.8.8.8: seq=85 ttl=37 time=94.177 ms
demo.1.msvj5ckwnl50@docker-desktop | 64 bytes from 8.8.8.8: seq=86 ttl=37 time=19.668 ms
PS C:\Users\srjed\Desktop\kubernets> docker service rm demo
demo
PS C:\Users\srjed\Desktop\kubernets>
BB.YAML
apiVersion: apps/v1
kind: Deployment
metadata:
 name: bb-demo
 namespace: default
spec:
 replicas: 1
 selector:
 matchLabels:
 bb: web
 template:
 metadata:
 labels:
 bb: web
 spec:
 containers:
 - name: bb-site
 image: mounika1213/getting-started
---
apiVersion: v1
kind: Service
metadata:
 name: bb-entrypoint
 namespace: default
spec:
 type: NodePort
 selector:
 bb: web
 ports:
 - port: 3000
 targetPort: 3000
 nodePort: 30001
EXECUTION:
Windows PowerShell
Copyright (C) Microsoft Corporation. All rights reserved.
Try the new cross-platform PowerShell https://aka.ms/pscore6
PS C:\Users\srjedDesktop\kubernets> kubectl apply -f bb.yaml.txt
deployment.apps/bb-demo created
service/bb-entrypoint created
PS C:\Users\srjedDesktop\kubernets> kubectl get deployments
NAME READY UP-TO-DATE AVAILABLE AGE
bb-demo 0/1 1 0 35s
PS C:\Users\srjed\Desktop\kubernets> kubectl get deployments
NAME READY UP-TO-DATE AVAILABLE AGE
bb-demo 1/1 1 1 60s
PS C:\Users\srjed\Desktop\kubernets> kubectl get services
NAME TYPE CLUSTER-IP EXTERNAL-IP PORT(S) AGE
bb-entrypoint NodePort 10.109.67.108 <none> 3000:30001/TCP 87s
kubernetes ClusterIP 10.96.0.1 <none> 
 443/TCP 2d1h
PS C:\Users\srjed\Desktop\kubernets> kubectl delete -f bb.yaml.txt
deployment.apps "bb-demo" deleted
service "bb-entrypoint" deleted